jenkins\plugins\logstash\configuration\ElasticSearch\ElasticSearchDescriptor\doFillCustomServerCertificateIdItems.stapler
jenkins\plugins\logstash\LogstashConfiguration.class
jenkins\plugins\logstash\persistence\RedisDao.class
jenkins\plugins\logstash\persistence\LogstashDao.class
jenkins\plugins\logstash\configuration\Logstash$Descriptor.class
jenkins\plugins\logstash\persistence\BuildData.class
jenkins\plugins\logstash\persistence\LogstashIndexerDao$IndexerType.class
jenkins\plugins\logstash\configuration\Logstash.stapler
jenkins\plugins\logstash\LogstashConsoleLogFilter.class
jenkins\plugins\logstash\configuration\Logstash.class
jenkins\plugins\logstash\LogstashNotifier.class
jenkins\plugins\logstash\persistence\LogstashIndexerDao$SyslogProtocol.class
jenkins\plugins\logstash\LogstashWriter.class
jenkins\plugins\logstash\configuration\LogstashIndexer\LogstashIndexerDescriptor\doCheckHost.stapler
jenkins\plugins\logstash\persistence\AbstractLogstashIndexerDao.class
jenkins\plugins\logstash\LogstashJobProperty$DescriptorImpl.class
jenkins\plugins\logstash\utils\URIConverter.class
jenkins\plugins\logstash\configuration\Redis.class
META-INF\services\hudson.Plugin
jenkins\plugins\logstash\configuration\RabbitMq.class
META-INF\annotations\hudson.Extension
jenkins\plugins\logstash\configuration\Syslog.class
META-INF\services\annotations\org.kohsuke.accmod.Restricted
jenkins\plugins\logstash\pipeline\LogstashSendStep$Execution.class
jenkins\plugins\logstash\LogstashNotifier$Descriptor.class
jenkins\plugins\logstash\configuration\Syslog.stapler
jenkins\plugins\logstash\pipeline\LogstashStep$Execution.class
jenkins\plugins\logstash\configuration\LogstashIndexer$LogstashIndexerDescriptor.class
jenkins\plugins\logstash\pipeline\LogstashStep$DescriptorImpl.class
jenkins\plugins\logstash\LogstashOutputStream.class
jenkins\plugins\logstash\configuration\Syslog$SyslogDescriptor.class
jenkins\plugins\logstash\LogstashInstallation.class
jenkins\plugins\logstash\LogstashItemListener.class
jenkins\plugins\logstash\utils\SSLHelper.class
jenkins\plugins\logstash\utils\SSLHelper$1.class
jenkins\plugins\logstash\configuration\ElasticSearch.stapler
jenkins\plugins\logstash\LogstashBuildWrapper$1.class
jenkins\plugins\logstash\persistence\ElasticSearchDao.class
jenkins\plugins\logstash\configuration\RabbitMq$RabbitMqDescriptor.class
jenkins\plugins\logstash\pipeline\LogstashStep.class
jenkins\plugins\logstash\configuration\HostBasedLogstashIndexer.class
jenkins\plugins\logstash\configuration\RabbitMq.stapler
jenkins\plugins\logstash\configuration\ElasticSearch$ElasticSearchDescriptor.class
jenkins\plugins\logstash\pipeline\LogstashStep.stapler
jenkins\plugins\logstash\persistence\LogstashIndexerDao$SyslogFormat.class
jenkins\plugins\logstash\PluginImpl.class
jenkins\plugins\logstash\configuration\ElasticSearch\ElasticSearchDescriptor\doCheckMimeType.stapler
jenkins\plugins\logstash\LogstashConfiguration$1.class
jenkins\plugins\logstash\pipeline\LogstashSendStep$DescriptorImpl.class
jenkins\plugins\logstash\LogstashJobProperty.class
jenkins\plugins\logstash\pipeline\GlobalDecorator.class
jenkins\plugins\logstash\configuration\LogstashIndexer\LogstashIndexerDescriptor\doCheckPort.stapler
jenkins\plugins\logstash\configuration\Redis\RedisDescriptor\doCheckKey.stapler
jenkins\plugins\logstash\LogstashNotifier.stapler
jenkins\plugins\logstash\LogstashInstallation$Descriptor.class
jenkins\plugins\logstash\configuration\RabbitMq\RabbitMqDescriptor\doCheckQueue.stapler
META-INF\services\annotations\org.jenkinsci.Symbol
jenkins\plugins\logstash\pipeline\LogstashSendStep.class
jenkins\plugins\logstash\LogstashJobProperty.stapler
jenkins\plugins\logstash\persistence\RabbitMqDao.class
META-INF\services\annotations\org.kohsuke.stapler.export.ExportedBean
META-INF\services\annotations\hudson.init.Initializer
META-INF\annotations\hudson.Extension.txt
jenkins\plugins\logstash\Messages.class
jenkins\plugins\logstash\LogstashInstallation.stapler
jenkins\plugins\logstash\configuration\Redis$RedisDescriptor.class
jenkins\plugins\logstash\LogstashBuildWrapper$DescriptorImpl.class
jenkins\plugins\logstash\configuration\ElasticSearch.class
jenkins\plugins\logstash\configuration\ElasticSearch\ElasticSearchDescriptor\doCheckUrl.stapler
jenkins\plugins\logstash\LogstashSaveableListener.class
jenkins\plugins\logstash\persistence\BuildData$TestData.class
jenkins\plugins\logstash\configuration\LogstashIndexer.class
jenkins\plugins\logstash\persistence\SyslogDao.class
jenkins\plugins\logstash\persistence\LogstashIndexerDao.class
jenkins\plugins\logstash\persistence\BuildData$TestData$FailedTest.class
jenkins\plugins\logstash\LogstashNotifier\Descriptor\doCheckMaxLines.stapler
jenkins\plugins\logstash\persistence\HostBasedLogstashIndexerDao.class
jenkins\plugins\logstash\pipeline\LogstashSendStep.stapler
jenkins\plugins\logstash\LogstashBuildWrapper.class
jenkins\plugins\logstash\pipeline\GlobalDecorator$Factory.class
jenkins\plugins\logstash\configuration\Redis.stapler
jenkins\plugins\logstash\LogstashBuildWrapper.stapler
