C:\Users\david\Desktop\logstash-plugin\src\main\java\jenkins\plugins\logstash\LogstashInstallation.java
C:\Users\david\Desktop\logstash-plugin\src\main\java\jenkins\plugins\logstash\LogstashItemListener.java
C:\Users\david\Desktop\logstash-plugin\src\main\java\jenkins\plugins\logstash\configuration\Redis.java
C:\Users\david\Desktop\logstash-plugin\src\main\java\jenkins\plugins\logstash\persistence\ElasticSearchDao.java
C:\Users\david\Desktop\logstash-plugin\src\main\java\jenkins\plugins\logstash\pipeline\LogstashStep.java
C:\Users\david\Desktop\logstash-plugin\src\main\java\jenkins\plugins\logstash\configuration\RabbitMq.java
C:\Users\david\Desktop\logstash-plugin\src\main\java\jenkins\plugins\logstash\configuration\Syslog.java
C:\Users\david\Desktop\logstash-plugin\src\main\java\jenkins\plugins\logstash\LogstashConsoleLogFilter.java
C:\Users\david\Desktop\logstash-plugin\src\main\java\jenkins\plugins\logstash\persistence\LogstashDao.java
C:\Users\david\Desktop\logstash-plugin\src\main\java\jenkins\plugins\logstash\utils\URIConverter.java
C:\Users\david\Desktop\logstash-plugin\src\main\java\jenkins\plugins\logstash\configuration\ElasticSearch.java
C:\Users\david\Desktop\logstash-plugin\src\main\java\jenkins\plugins\logstash\LogstashNotifier.java
C:\Users\david\Desktop\logstash-plugin\src\main\java\jenkins\plugins\logstash\persistence\RabbitMqDao.java
C:\Users\david\Desktop\logstash-plugin\src\main\java\jenkins\plugins\logstash\LogstashJobProperty.java
C:\Users\david\Desktop\logstash-plugin\src\main\java\jenkins\plugins\logstash\persistence\BuildData.java
C:\Users\david\Desktop\logstash-plugin\src\main\java\jenkins\plugins\logstash\persistence\LogstashIndexerDao.java
C:\Users\david\Desktop\logstash-plugin\src\main\java\jenkins\plugins\logstash\configuration\Logstash.java
C:\Users\david\Desktop\logstash-plugin\src\main\java\jenkins\plugins\logstash\configuration\LogstashIndexer.java
C:\Users\david\Desktop\logstash-plugin\target\generated-sources\localizer\jenkins\plugins\logstash\Messages.java
C:\Users\david\Desktop\logstash-plugin\src\main\java\jenkins\plugins\logstash\LogstashWriter.java
C:\Users\david\Desktop\logstash-plugin\src\main\java\jenkins\plugins\logstash\persistence\HostBasedLogstashIndexerDao.java
C:\Users\david\Desktop\logstash-plugin\src\main\java\jenkins\plugins\logstash\persistence\SyslogDao.java
C:\Users\david\Desktop\logstash-plugin\src\main\java\jenkins\plugins\logstash\LogstashOutputStream.java
C:\Users\david\Desktop\logstash-plugin\src\main\java\jenkins\plugins\logstash\pipeline\GlobalDecorator.java
C:\Users\david\Desktop\logstash-plugin\src\main\java\jenkins\plugins\logstash\LogstashBuildWrapper.java
C:\Users\david\Desktop\logstash-plugin\src\main\java\jenkins\plugins\logstash\utils\SSLHelper.java
C:\Users\david\Desktop\logstash-plugin\src\main\java\jenkins\plugins\logstash\configuration\HostBasedLogstashIndexer.java
C:\Users\david\Desktop\logstash-plugin\src\main\java\jenkins\plugins\logstash\LogstashSaveableListener.java
C:\Users\david\Desktop\logstash-plugin\src\main\java\jenkins\plugins\logstash\persistence\RedisDao.java
C:\Users\david\Desktop\logstash-plugin\src\main\java\jenkins\plugins\logstash\pipeline\LogstashSendStep.java
C:\Users\david\Desktop\logstash-plugin\src\main\java\jenkins\plugins\logstash\LogstashConfiguration.java
C:\Users\david\Desktop\logstash-plugin\src\main\java\jenkins\plugins\logstash\persistence\AbstractLogstashIndexerDao.java
C:\Users\david\Desktop\logstash-plugin\src\main\java\jenkins\plugins\logstash\PluginImpl.java
