jenkins\plugins\logstash\persistence\BuildDataTest$2.class
jenkins\plugins\logstash\LogstashBuildWrapperConversionTest.class
jenkins\plugins\logstash\configuration\HostBasedLogstashIndexerTest$LogstashIndexerForTest.class
jenkins\plugins\logstash\persistence\AbstractLogstashIndexerDaoTest$1.class
jenkins\plugins\logstash\persistence\RabbitMqDaoTest.class
jenkins\plugins\logstash\LogstashConfigurationTestBase$LogstashConfigurationForTest.class
jenkins\plugins\logstash\persistence\BuildDataTest.class
jenkins\plugins\logstash\persistence\ElasticSearchSSLCertsTest$1.class
jenkins\plugins\logstash\ConfigAsCodeTest.class
jenkins\plugins\logstash\LogstashNotifierTest$MockLogstashNotifier.class
jenkins\plugins\logstash\configuration\MemoryIndexer.class
InjectedTest.class
jenkins\plugins\logstash\persistence\LogstashDaoTest.class
jenkins\plugins\logstash\configuration\HostBasedLogstashIndexerTest.class
jenkins\plugins\logstash\persistence\AbstractLogstashIndexerDaoTest.class
jenkins\plugins\logstash\LogstashConfigurationMigrationTest.class
jenkins\plugins\logstash\persistence\SyslogDaoTest.class
jenkins\plugins\logstash\configuration\RedisTest.class
jenkins\plugins\logstash\configuration\RabbitMqTest.class
jenkins\plugins\logstash\LogstashOutputStreamTest.class
jenkins\plugins\logstash\persistence\ElasticSearchSSLCertsTest.class
jenkins\plugins\logstash\LogstashNotifierTest$1.class
jenkins\plugins\logstash\LogstashConfigurationTest.class
jenkins\plugins\logstash\persistence\SyslogDaoTestIT$1.class
jenkins\plugins\logstash\LogstashNotifierTest$MockRun.class
jenkins\plugins\logstash\PipelineTest.class
jenkins\plugins\logstash\LogstashConsoleLogFilterTest$MockLogstashConsoleLogFilter.class
META-INF\services\annotations\org.kohsuke.stapler.export.ExportedBean
jenkins\plugins\logstash\configuration\ElasticSearchTest.class
jenkins\plugins\logstash\persistence\SyslogDaoTestIT.class
jenkins\plugins\logstash\LogstashNotifierTest.class
jenkins\plugins\logstash\persistence\RedisDaoTest.class
jenkins\plugins\logstash\LogstashIntegrationTest.class
jenkins\plugins\logstash\LogstashConfigurationTestBase.class
jenkins\plugins\logstash\LogstashWriterTest.class
jenkins\plugins\logstash\persistence\BuildDataTest$1.class
jenkins\plugins\logstash\persistence\MemoryDao.class
jenkins\plugins\logstash\LogstashConsoleLogFilterTest.class
jenkins\plugins\logstash\configuration\SyslogTest.class
jenkins\plugins\logstash\persistence\ElasticSearchDaoTest.class
jenkins\plugins\logstash\LogstashWriterTest$1.class
