C:\Users\david\Desktop\logstash-plugin\src\test\java\jenkins\plugins\logstash\LogstashWriterTest.java
C:\Users\david\Desktop\logstash-plugin\src\test\java\jenkins\plugins\logstash\configuration\MemoryIndexer.java
C:\Users\david\Desktop\logstash-plugin\src\test\java\jenkins\plugins\logstash\LogstashBuildWrapperConversionTest.java
C:\Users\david\Desktop\logstash-plugin\src\test\java\jenkins\plugins\logstash\configuration\ElasticSearchTest.java
C:\Users\david\Desktop\logstash-plugin\src\test\java\jenkins\plugins\logstash\LogstashConfigurationTestBase.java
C:\Users\david\Desktop\logstash-plugin\src\test\java\jenkins\plugins\logstash\LogstashOutputStreamTest.java
C:\Users\david\Desktop\logstash-plugin\src\test\java\jenkins\plugins\logstash\ConfigAsCodeTest.java
C:\Users\david\Desktop\logstash-plugin\src\test\java\jenkins\plugins\logstash\LogstashConfigurationTest.java
C:\Users\david\Desktop\logstash-plugin\src\test\java\jenkins\plugins\logstash\LogstashNotifierTest.java
C:\Users\david\Desktop\logstash-plugin\src\test\java\jenkins\plugins\logstash\persistence\AbstractLogstashIndexerDaoTest.java
C:\Users\david\Desktop\logstash-plugin\src\test\java\jenkins\plugins\logstash\LogstashConfigurationMigrationTest.java
C:\Users\david\Desktop\logstash-plugin\src\test\java\jenkins\plugins\logstash\persistence\RedisDaoTest.java
C:\Users\david\Desktop\logstash-plugin\src\test\java\jenkins\plugins\logstash\configuration\RabbitMqTest.java
C:\Users\david\Desktop\logstash-plugin\src\test\java\jenkins\plugins\logstash\persistence\BuildDataTest.java
C:\Users\david\Desktop\logstash-plugin\src\test\java\jenkins\plugins\logstash\configuration\SyslogTest.java
C:\Users\david\Desktop\logstash-plugin\src\test\java\jenkins\plugins\logstash\LogstashIntegrationTest.java
C:\Users\david\Desktop\logstash-plugin\src\test\java\jenkins\plugins\logstash\persistence\MemoryDao.java
C:\Users\david\Desktop\logstash-plugin\src\test\java\jenkins\plugins\logstash\persistence\LogstashDaoTest.java
C:\Users\david\Desktop\logstash-plugin\src\test\java\jenkins\plugins\logstash\PipelineTest.java
C:\Users\david\Desktop\logstash-plugin\src\test\java\jenkins\plugins\logstash\persistence\RabbitMqDaoTest.java
C:\Users\david\Desktop\logstash-plugin\target\generated-test-sources\injected\InjectedTest.java
C:\Users\david\Desktop\logstash-plugin\src\test\java\jenkins\plugins\logstash\configuration\HostBasedLogstashIndexerTest.java
C:\Users\david\Desktop\logstash-plugin\src\test\java\jenkins\plugins\logstash\persistence\SyslogDaoTestIT.java
C:\Users\david\Desktop\logstash-plugin\src\test\java\jenkins\plugins\logstash\LogstashConsoleLogFilterTest.java
C:\Users\david\Desktop\logstash-plugin\src\test\java\jenkins\plugins\logstash\persistence\SyslogDaoTest.java
C:\Users\david\Desktop\logstash-plugin\src\test\java\jenkins\plugins\logstash\configuration\RedisTest.java
C:\Users\david\Desktop\logstash-plugin\src\test\java\jenkins\plugins\logstash\persistence\ElasticSearchDaoTest.java
C:\Users\david\Desktop\logstash-plugin\src\test\java\jenkins\plugins\logstash\persistence\ElasticSearchSSLCertsTest.java
